// Jest Snapshot v1, https://goo.gl/fbAQLP

exports[`Wallpaper component renders correctly 1`] = `
<View
  style={
    [
      {
        "backgroundColor": "#FFFFFF",
      },
      [
        {
          "flexGrow": 1,
          "justifyContent": "center",
          "paddingTop": 20,
        },
        {
          "backgroundColor": undefined,
        },
      ],
    ]
  }
  testID="image-background"
/>
`;
