// Jest Snapshot v1, https://goo.gl/fbAQLP

exports[`ActionButton component renders correctly 1`] = `
<View
  accessibilityState={
    {
      "busy": undefined,
      "checked": undefined,
      "disabled": undefined,
      "expanded": undefined,
      "selected": undefined,
    }
  }
  accessibilityValue={
    {
      "max": undefined,
      "min": undefined,
      "now": undefined,
      "text": undefined,
    }
  }
  accessible={true}
  collapsable={false}
  focusable={true}
  onClick={[Function]}
  onResponderGrant={[Function]}
  onResponderMove={[Function]}
  onResponderRelease={[Function]}
  onResponderTerminate={[Function]}
  onResponderTerminationRequest={[Function]}
  onStartShouldSetResponder={[Function]}
  style={
    {
      "alignItems": "center",
      "backgroundColor": "#2196f3",
      "borderRadius": 999,
      "elevation": 5,
      "height": 64,
      "justifyContent": "center",
      "opacity": 1,
      "position": "absolute",
      "shadowColor": "#000",
      "shadowOffset": {
        "height": 2,
        "width": 0,
      },
      "shadowOpacity": 0.8,
      "shadowRadius": 2,
      "width": 64,
    }
  }
  testID="action-button"
>
  <Text />
</View>
`;
