// Jest Snapshot v1, https://goo.gl/fbAQLP

exports[`StatusBar component renders correctly 1`] = `
<View
  style={
    [
      {
        "alignItems": "center",
        "bottom": 0,
        "flexDirection": "row",
        "height": 32,
        "justifyContent": "space-between",
        "left": 0,
        "paddingHorizontal": 20,
        "position": "absolute",
        "right": 0,
        "top": 0,
        "zIndex": 999,
      },
      undefined,
    ]
  }
>
  <Text
    style={
      [
        {
          "color": "#000000",
        },
        {
          "fontSize": 16,
        },
        {
          "color": "#ffffff",
        },
      ]
    }
  />
  <View
    style={
      {
        "flexDirection": "row",
        "gap": 2,
      }
    }
  >
    <Text />
    <Text />
    <Text />
  </View>
</View>
`;
